../Core/Src/main.c:67:5:__io_putchar	16	static
../Core/Src/main.c:95:6:printBinary	48	static
../Core/Src/main.c:121:6:initializeBuffer	24	static
../Core/Src/main.c:128:6:whitening	32	static
../Core/Src/main.c:146:6:BufferFull	8	static
../Core/Src/main.c:164:6:addToBuffer	24	static
../Core/Src/main.c:186:5:main	8	static
../Core/Src/main.c:242:6:SystemClock_Config	88	static
../Core/Src/main.c:289:13:MX_ADC1_Init	24	static
../Core/Src/main.c:343:13:MX_USART2_UART_Init	8	static
../Core/Src/main.c:376:13:MX_GPIO_Init	32	static
../Core/Src/main.c:408:6:Error_Handler	4	static,ignoring_inline_asm
