../Core/Src/main.c:70:5:__io_putchar	16	static
../Core/Src/main.c:87:6:initializeBuffer	24	static
../Core/Src/main.c:94:6:BufferFullInterruptHandler	8	static
../Core/Src/main.c:100:6:addToBuffer	24	static
../Core/Src/main.c:120:5:main	8	static
../Core/Src/main.c:194:6:SystemClock_Config	88	static
../Core/Src/main.c:241:13:MX_ADC1_Init	24	static
../Core/Src/main.c:295:13:MX_USART2_UART_Init	8	static
../Core/Src/main.c:328:13:MX_GPIO_Init	32	static
../Core/Src/main.c:360:6:Error_Handler	4	static,ignoring_inline_asm
